// Jest Snapshot v1, https://goo.gl/fbAQLP

exports[`Missions Render Dragons Component 1`] = `<div />`;
